// Vitest Snapshot v1, https://vitest.dev/guide/snapshot.html

exports[`compiler: integration tests > function mode 1`] = `""`;
